2024-02-05 06:22:46: <br />
<b>Warning</b>:  file_put_contents(C:\xampp\htdocs\1\cache\frame_5.dat): Failed to open stream: No such file or directory in <b>C:\xampp\htdocs\1\qrspec.php</b> on line <b>645</b><br />
<br />
<b>Warning</b>:  mkdir(): No such file or directory in <b>C:\xampp\htdocs\1\qrmask.php</b> on line <b>159</b><br />
<br />
<b>Warning</b>:  file_put_contents(C:\xampp\htdocs\1\cache\mask_0\mask_37_0.dat): Failed to open stream: No such file or directory in <b>C:\xampp\htdocs\1\qrmask.php</b> on line <b>160</b><br />
<br />
<b>Warning</b>:  mkdir(): No such file or directory in <b>C:\xampp\htdocs\1\qrmask.php</b> on line <b>159</b><br />
<br />
<b>Warning</b>:  file_put_contents(C:\xampp\htdocs\1\cache\mask_1\mask_37_1.dat): Failed to open stream: No such file or directory in <b>C:\xampp\htdocs\1\qrmask.php</b> on line <b>160</b><br />
<br />
<b>Warning</b>:  mkdir(): No such file or directory in <b>C:\xampp\htdocs\1\qrmask.php</b> on line <b>159</b><br />
<br />
<b>Warning</b>:  file_put_contents(C:\xampp\htdocs\1\cache\mask_2\mask_37_2.dat): Failed to open stream: No such file or directory in <b>C:\xampp\htdocs\1\qrmask.php</b> on line <b>160</b><br />
<br />
<b>Warning</b>:  mkdir(): No such file or directory in <b>C:\xampp\htdocs\1\qrmask.php</b> on line <b>159</b><br />
<br />
<b>Warning</b>:  file_put_contents(C:\xampp\htdocs\1\cache\mask_3\mask_37_3.dat): Failed to open stream: No such file or directory in <b>C:\xampp\htdocs\1\qrmask.php</b> on line <b>160</b><br />
<br />
<b>Warning</b>:  mkdir(): No such file or directory in <b>C:\xampp\htdocs\1\qrmask.php</b> on line <b>159</b><br />
<br />
<b>Warning</b>:  file_put_contents(C:\xampp\htdocs\1\cache\mask_4\mask_37_4.dat): Failed to open stream: No such file or directory in <b>C:\xampp\htdocs\1\qrmask.php</b> on line <b>160</b><br />
<br />
<b>Warning</b>:  mkdir(): No such file or directory in <b>C:\xampp\htdocs\1\qrmask.php</b> on line <b>159</b><br />
<br />
<b>Warning</b>:  file_put_contents(C:\xampp\htdocs\1\cache\mask_5\mask_37_5.dat): Failed to open stream: No such file or directory in <b>C:\xampp\htdocs\1\qrmask.php</b> on line <b>160</b><br />
<br />
<b>Warning</b>:  mkdir(): No such file or directory in <b>C:\xampp\htdocs\1\qrmask.php</b> on line <b>159</b><br />
<br />
<b>Warning</b>:  file_put_contents(C:\xampp\htdocs\1\cache\mask_6\mask_37_6.dat): Failed to open stream: No such file or directory in <b>C:\xampp\htdocs\1\qrmask.php</b> on line <b>160</b><br />
<br />
<b>Warning</b>:  mkdir(): No such file or directory in <b>C:\xampp\htdocs\1\qrmask.php</b> on line <b>159</b><br />
<br />
<b>Warning</b>:  file_put_contents(C:\xampp\htdocs\1\cache\mask_7\mask_37_7.dat): Failed to open stream: No such file or directory in <b>C:\xampp\htdocs\1\qrmask.php</b> on line <b>160</b><br />
2024-02-05 06:24:21: <br />
<b>Warning</b>:  file_put_contents(C:\xampp\htdocs\1\cache\frame_5.dat): Failed to open stream: No such file or directory in <b>C:\xampp\htdocs\1\qrspec.php</b> on line <b>645</b><br />
<br />
<b>Warning</b>:  mkdir(): No such file or directory in <b>C:\xampp\htdocs\1\qrmask.php</b> on line <b>159</b><br />
<br />
<b>Warning</b>:  file_put_contents(C:\xampp\htdocs\1\cache\mask_0\mask_37_0.dat): Failed to open stream: No such file or directory in <b>C:\xampp\htdocs\1\qrmask.php</b> on line <b>160</b><br />
<br />
<b>Warning</b>:  mkdir(): No such file or directory in <b>C:\xampp\htdocs\1\qrmask.php</b> on line <b>159</b><br />
<br />
<b>Warning</b>:  file_put_contents(C:\xampp\htdocs\1\cache\mask_1\mask_37_1.dat): Failed to open stream: No such file or directory in <b>C:\xampp\htdocs\1\qrmask.php</b> on line <b>160</b><br />
<br />
<b>Warning</b>:  mkdir(): No such file or directory in <b>C:\xampp\htdocs\1\qrmask.php</b> on line <b>159</b><br />
<br />
<b>Warning</b>:  file_put_contents(C:\xampp\htdocs\1\cache\mask_2\mask_37_2.dat): Failed to open stream: No such file or directory in <b>C:\xampp\htdocs\1\qrmask.php</b> on line <b>160</b><br />
<br />
<b>Warning</b>:  mkdir(): No such file or directory in <b>C:\xampp\htdocs\1\qrmask.php</b> on line <b>159</b><br />
<br />
<b>Warning</b>:  file_put_contents(C:\xampp\htdocs\1\cache\mask_3\mask_37_3.dat): Failed to open stream: No such file or directory in <b>C:\xampp\htdocs\1\qrmask.php</b> on line <b>160</b><br />
<br />
<b>Warning</b>:  mkdir(): No such file or directory in <b>C:\xampp\htdocs\1\qrmask.php</b> on line <b>159</b><br />
<br />
<b>Warning</b>:  file_put_contents(C:\xampp\htdocs\1\cache\mask_4\mask_37_4.dat): Failed to open stream: No such file or directory in <b>C:\xampp\htdocs\1\qrmask.php</b> on line <b>160</b><br />
<br />
<b>Warning</b>:  mkdir(): No such file or directory in <b>C:\xampp\htdocs\1\qrmask.php</b> on line <b>159</b><br />
<br />
<b>Warning</b>:  file_put_contents(C:\xampp\htdocs\1\cache\mask_5\mask_37_5.dat): Failed to open stream: No such file or directory in <b>C:\xampp\htdocs\1\qrmask.php</b> on line <b>160</b><br />
<br />
<b>Warning</b>:  mkdir(): No such file or directory in <b>C:\xampp\htdocs\1\qrmask.php</b> on line <b>159</b><br />
<br />
<b>Warning</b>:  file_put_contents(C:\xampp\htdocs\1\cache\mask_6\mask_37_6.dat): Failed to open stream: No such file or directory in <b>C:\xampp\htdocs\1\qrmask.php</b> on line <b>160</b><br />
<br />
<b>Warning</b>:  mkdir(): No such file or directory in <b>C:\xampp\htdocs\1\qrmask.php</b> on line <b>159</b><br />
<br />
<b>Warning</b>:  file_put_contents(C:\xampp\htdocs\1\cache\mask_7\mask_37_7.dat): Failed to open stream: No such file or directory in <b>C:\xampp\htdocs\1\qrmask.php</b> on line <b>160</b><br />
2024-02-05 06:24:24: <br />
<b>Warning</b>:  file_put_contents(C:\xampp\htdocs\1\cache\frame_5.dat): Failed to open stream: No such file or directory in <b>C:\xampp\htdocs\1\qrspec.php</b> on line <b>645</b><br />
<br />
<b>Warning</b>:  mkdir(): No such file or directory in <b>C:\xampp\htdocs\1\qrmask.php</b> on line <b>159</b><br />
<br />
<b>Warning</b>:  file_put_contents(C:\xampp\htdocs\1\cache\mask_0\mask_37_0.dat): Failed to open stream: No such file or directory in <b>C:\xampp\htdocs\1\qrmask.php</b> on line <b>160</b><br />
<br />
<b>Warning</b>:  mkdir(): No such file or directory in <b>C:\xampp\htdocs\1\qrmask.php</b> on line <b>159</b><br />
<br />
<b>Warning</b>:  file_put_contents(C:\xampp\htdocs\1\cache\mask_1\mask_37_1.dat): Failed to open stream: No such file or directory in <b>C:\xampp\htdocs\1\qrmask.php</b> on line <b>160</b><br />
<br />
<b>Warning</b>:  mkdir(): No such file or directory in <b>C:\xampp\htdocs\1\qrmask.php</b> on line <b>159</b><br />
<br />
<b>Warning</b>:  file_put_contents(C:\xampp\htdocs\1\cache\mask_2\mask_37_2.dat): Failed to open stream: No such file or directory in <b>C:\xampp\htdocs\1\qrmask.php</b> on line <b>160</b><br />
<br />
<b>Warning</b>:  mkdir(): No such file or directory in <b>C:\xampp\htdocs\1\qrmask.php</b> on line <b>159</b><br />
<br />
<b>Warning</b>:  file_put_contents(C:\xampp\htdocs\1\cache\mask_3\mask_37_3.dat): Failed to open stream: No such file or directory in <b>C:\xampp\htdocs\1\qrmask.php</b> on line <b>160</b><br />
<br />
<b>Warning</b>:  mkdir(): No such file or directory in <b>C:\xampp\htdocs\1\qrmask.php</b> on line <b>159</b><br />
<br />
<b>Warning</b>:  file_put_contents(C:\xampp\htdocs\1\cache\mask_4\mask_37_4.dat): Failed to open stream: No such file or directory in <b>C:\xampp\htdocs\1\qrmask.php</b> on line <b>160</b><br />
<br />
<b>Warning</b>:  mkdir(): No such file or directory in <b>C:\xampp\htdocs\1\qrmask.php</b> on line <b>159</b><br />
<br />
<b>Warning</b>:  file_put_contents(C:\xampp\htdocs\1\cache\mask_5\mask_37_5.dat): Failed to open stream: No such file or directory in <b>C:\xampp\htdocs\1\qrmask.php</b> on line <b>160</b><br />
<br />
<b>Warning</b>:  mkdir(): No such file or directory in <b>C:\xampp\htdocs\1\qrmask.php</b> on line <b>159</b><br />
<br />
<b>Warning</b>:  file_put_contents(C:\xampp\htdocs\1\cache\mask_6\mask_37_6.dat): Failed to open stream: No such file or directory in <b>C:\xampp\htdocs\1\qrmask.php</b> on line <b>160</b><br />
<br />
<b>Warning</b>:  mkdir(): No such file or directory in <b>C:\xampp\htdocs\1\qrmask.php</b> on line <b>159</b><br />
<br />
<b>Warning</b>:  file_put_contents(C:\xampp\htdocs\1\cache\mask_7\mask_37_7.dat): Failed to open stream: No such file or directory in <b>C:\xampp\htdocs\1\qrmask.php</b> on line <b>160</b><br />
2024-02-05 06:24:24: <br />
<b>Warning</b>:  file_put_contents(C:\xampp\htdocs\1\cache\frame_5.dat): Failed to open stream: No such file or directory in <b>C:\xampp\htdocs\1\qrspec.php</b> on line <b>645</b><br />
<br />
<b>Warning</b>:  mkdir(): No such file or directory in <b>C:\xampp\htdocs\1\qrmask.php</b> on line <b>159</b><br />
<br />
<b>Warning</b>:  file_put_contents(C:\xampp\htdocs\1\cache\mask_0\mask_37_0.dat): Failed to open stream: No such file or directory in <b>C:\xampp\htdocs\1\qrmask.php</b> on line <b>160</b><br />
<br />
<b>Warning</b>:  mkdir(): No such file or directory in <b>C:\xampp\htdocs\1\qrmask.php</b> on line <b>159</b><br />
<br />
<b>Warning</b>:  file_put_contents(C:\xampp\htdocs\1\cache\mask_1\mask_37_1.dat): Failed to open stream: No such file or directory in <b>C:\xampp\htdocs\1\qrmask.php</b> on line <b>160</b><br />
<br />
<b>Warning</b>:  mkdir(): No such file or directory in <b>C:\xampp\htdocs\1\qrmask.php</b> on line <b>159</b><br />
<br />
<b>Warning</b>:  file_put_contents(C:\xampp\htdocs\1\cache\mask_2\mask_37_2.dat): Failed to open stream: No such file or directory in <b>C:\xampp\htdocs\1\qrmask.php</b> on line <b>160</b><br />
<br />
<b>Warning</b>:  mkdir(): No such file or directory in <b>C:\xampp\htdocs\1\qrmask.php</b> on line <b>159</b><br />
<br />
<b>Warning</b>:  file_put_contents(C:\xampp\htdocs\1\cache\mask_3\mask_37_3.dat): Failed to open stream: No such file or directory in <b>C:\xampp\htdocs\1\qrmask.php</b> on line <b>160</b><br />
<br />
<b>Warning</b>:  mkdir(): No such file or directory in <b>C:\xampp\htdocs\1\qrmask.php</b> on line <b>159</b><br />
<br />
<b>Warning</b>:  file_put_contents(C:\xampp\htdocs\1\cache\mask_4\mask_37_4.dat): Failed to open stream: No such file or directory in <b>C:\xampp\htdocs\1\qrmask.php</b> on line <b>160</b><br />
<br />
<b>Warning</b>:  mkdir(): No such file or directory in <b>C:\xampp\htdocs\1\qrmask.php</b> on line <b>159</b><br />
<br />
<b>Warning</b>:  file_put_contents(C:\xampp\htdocs\1\cache\mask_5\mask_37_5.dat): Failed to open stream: No such file or directory in <b>C:\xampp\htdocs\1\qrmask.php</b> on line <b>160</b><br />
<br />
<b>Warning</b>:  mkdir(): No such file or directory in <b>C:\xampp\htdocs\1\qrmask.php</b> on line <b>159</b><br />
<br />
<b>Warning</b>:  file_put_contents(C:\xampp\htdocs\1\cache\mask_6\mask_37_6.dat): Failed to open stream: No such file or directory in <b>C:\xampp\htdocs\1\qrmask.php</b> on line <b>160</b><br />
<br />
<b>Warning</b>:  mkdir(): No such file or directory in <b>C:\xampp\htdocs\1\qrmask.php</b> on line <b>159</b><br />
<br />
<b>Warning</b>:  file_put_contents(C:\xampp\htdocs\1\cache\mask_7\mask_37_7.dat): Failed to open stream: No such file or directory in <b>C:\xampp\htdocs\1\qrmask.php</b> on line <b>160</b><br />
2024-02-05 06:24:24: <br />
<b>Warning</b>:  file_put_contents(C:\xampp\htdocs\1\cache\frame_5.dat): Failed to open stream: No such file or directory in <b>C:\xampp\htdocs\1\qrspec.php</b> on line <b>645</b><br />
<br />
<b>Warning</b>:  mkdir(): No such file or directory in <b>C:\xampp\htdocs\1\qrmask.php</b> on line <b>159</b><br />
<br />
<b>Warning</b>:  file_put_contents(C:\xampp\htdocs\1\cache\mask_0\mask_37_0.dat): Failed to open stream: No such file or directory in <b>C:\xampp\htdocs\1\qrmask.php</b> on line <b>160</b><br />
<br />
<b>Warning</b>:  mkdir(): No such file or directory in <b>C:\xampp\htdocs\1\qrmask.php</b> on line <b>159</b><br />
<br />
<b>Warning</b>:  file_put_contents(C:\xampp\htdocs\1\cache\mask_1\mask_37_1.dat): Failed to open stream: No such file or directory in <b>C:\xampp\htdocs\1\qrmask.php</b> on line <b>160</b><br />
<br />
<b>Warning</b>:  mkdir(): No such file or directory in <b>C:\xampp\htdocs\1\qrmask.php</b> on line <b>159</b><br />
<br />
<b>Warning</b>:  file_put_contents(C:\xampp\htdocs\1\cache\mask_2\mask_37_2.dat): Failed to open stream: No such file or directory in <b>C:\xampp\htdocs\1\qrmask.php</b> on line <b>160</b><br />
<br />
<b>Warning</b>:  mkdir(): No such file or directory in <b>C:\xampp\htdocs\1\qrmask.php</b> on line <b>159</b><br />
<br />
<b>Warning</b>:  file_put_contents(C:\xampp\htdocs\1\cache\mask_3\mask_37_3.dat): Failed to open stream: No such file or directory in <b>C:\xampp\htdocs\1\qrmask.php</b> on line <b>160</b><br />
<br />
<b>Warning</b>:  mkdir(): No such file or directory in <b>C:\xampp\htdocs\1\qrmask.php</b> on line <b>159</b><br />
<br />
<b>Warning</b>:  file_put_contents(C:\xampp\htdocs\1\cache\mask_4\mask_37_4.dat): Failed to open stream: No such file or directory in <b>C:\xampp\htdocs\1\qrmask.php</b> on line <b>160</b><br />
<br />
<b>Warning</b>:  mkdir(): No such file or directory in <b>C:\xampp\htdocs\1\qrmask.php</b> on line <b>159</b><br />
<br />
<b>Warning</b>:  file_put_contents(C:\xampp\htdocs\1\cache\mask_5\mask_37_5.dat): Failed to open stream: No such file or directory in <b>C:\xampp\htdocs\1\qrmask.php</b> on line <b>160</b><br />
<br />
<b>Warning</b>:  mkdir(): No such file or directory in <b>C:\xampp\htdocs\1\qrmask.php</b> on line <b>159</b><br />
<br />
<b>Warning</b>:  file_put_contents(C:\xampp\htdocs\1\cache\mask_6\mask_37_6.dat): Failed to open stream: No such file or directory in <b>C:\xampp\htdocs\1\qrmask.php</b> on line <b>160</b><br />
<br />
<b>Warning</b>:  mkdir(): No such file or directory in <b>C:\xampp\htdocs\1\qrmask.php</b> on line <b>159</b><br />
<br />
<b>Warning</b>:  file_put_contents(C:\xampp\htdocs\1\cache\mask_7\mask_37_7.dat): Failed to open stream: No such file or directory in <b>C:\xampp\htdocs\1\qrmask.php</b> on line <b>160</b><br />
2024-02-05 06:24:25: <br />
<b>Warning</b>:  file_put_contents(C:\xampp\htdocs\1\cache\frame_5.dat): Failed to open stream: No such file or directory in <b>C:\xampp\htdocs\1\qrspec.php</b> on line <b>645</b><br />
<br />
<b>Warning</b>:  mkdir(): No such file or directory in <b>C:\xampp\htdocs\1\qrmask.php</b> on line <b>159</b><br />
<br />
<b>Warning</b>:  file_put_contents(C:\xampp\htdocs\1\cache\mask_0\mask_37_0.dat): Failed to open stream: No such file or directory in <b>C:\xampp\htdocs\1\qrmask.php</b> on line <b>160</b><br />
<br />
<b>Warning</b>:  mkdir(): No such file or directory in <b>C:\xampp\htdocs\1\qrmask.php</b> on line <b>159</b><br />
<br />
<b>Warning</b>:  file_put_contents(C:\xampp\htdocs\1\cache\mask_1\mask_37_1.dat): Failed to open stream: No such file or directory in <b>C:\xampp\htdocs\1\qrmask.php</b> on line <b>160</b><br />
<br />
<b>Warning</b>:  mkdir(): No such file or directory in <b>C:\xampp\htdocs\1\qrmask.php</b> on line <b>159</b><br />
<br />
<b>Warning</b>:  file_put_contents(C:\xampp\htdocs\1\cache\mask_2\mask_37_2.dat): Failed to open stream: No such file or directory in <b>C:\xampp\htdocs\1\qrmask.php</b> on line <b>160</b><br />
<br />
<b>Warning</b>:  mkdir(): No such file or directory in <b>C:\xampp\htdocs\1\qrmask.php</b> on line <b>159</b><br />
<br />
<b>Warning</b>:  file_put_contents(C:\xampp\htdocs\1\cache\mask_3\mask_37_3.dat): Failed to open stream: No such file or directory in <b>C:\xampp\htdocs\1\qrmask.php</b> on line <b>160</b><br />
<br />
<b>Warning</b>:  mkdir(): No such file or directory in <b>C:\xampp\htdocs\1\qrmask.php</b> on line <b>159</b><br />
<br />
<b>Warning</b>:  file_put_contents(C:\xampp\htdocs\1\cache\mask_4\mask_37_4.dat): Failed to open stream: No such file or directory in <b>C:\xampp\htdocs\1\qrmask.php</b> on line <b>160</b><br />
<br />
<b>Warning</b>:  mkdir(): No such file or directory in <b>C:\xampp\htdocs\1\qrmask.php</b> on line <b>159</b><br />
<br />
<b>Warning</b>:  file_put_contents(C:\xampp\htdocs\1\cache\mask_5\mask_37_5.dat): Failed to open stream: No such file or directory in <b>C:\xampp\htdocs\1\qrmask.php</b> on line <b>160</b><br />
<br />
<b>Warning</b>:  mkdir(): No such file or directory in <b>C:\xampp\htdocs\1\qrmask.php</b> on line <b>159</b><br />
<br />
<b>Warning</b>:  file_put_contents(C:\xampp\htdocs\1\cache\mask_6\mask_37_6.dat): Failed to open stream: No such file or directory in <b>C:\xampp\htdocs\1\qrmask.php</b> on line <b>160</b><br />
<br />
<b>Warning</b>:  mkdir(): No such file or directory in <b>C:\xampp\htdocs\1\qrmask.php</b> on line <b>159</b><br />
<br />
<b>Warning</b>:  file_put_contents(C:\xampp\htdocs\1\cache\mask_7\mask_37_7.dat): Failed to open stream: No such file or directory in <b>C:\xampp\htdocs\1\qrmask.php</b> on line <b>160</b><br />
2024-02-05 06:24:25: <br />
<b>Warning</b>:  file_put_contents(C:\xampp\htdocs\1\cache\frame_5.dat): Failed to open stream: No such file or directory in <b>C:\xampp\htdocs\1\qrspec.php</b> on line <b>645</b><br />
<br />
<b>Warning</b>:  mkdir(): No such file or directory in <b>C:\xampp\htdocs\1\qrmask.php</b> on line <b>159</b><br />
<br />
<b>Warning</b>:  file_put_contents(C:\xampp\htdocs\1\cache\mask_0\mask_37_0.dat): Failed to open stream: No such file or directory in <b>C:\xampp\htdocs\1\qrmask.php</b> on line <b>160</b><br />
<br />
<b>Warning</b>:  mkdir(): No such file or directory in <b>C:\xampp\htdocs\1\qrmask.php</b> on line <b>159</b><br />
<br />
<b>Warning</b>:  file_put_contents(C:\xampp\htdocs\1\cache\mask_1\mask_37_1.dat): Failed to open stream: No such file or directory in <b>C:\xampp\htdocs\1\qrmask.php</b> on line <b>160</b><br />
<br />
<b>Warning</b>:  mkdir(): No such file or directory in <b>C:\xampp\htdocs\1\qrmask.php</b> on line <b>159</b><br />
<br />
<b>Warning</b>:  file_put_contents(C:\xampp\htdocs\1\cache\mask_2\mask_37_2.dat): Failed to open stream: No such file or directory in <b>C:\xampp\htdocs\1\qrmask.php</b> on line <b>160</b><br />
<br />
<b>Warning</b>:  mkdir(): No such file or directory in <b>C:\xampp\htdocs\1\qrmask.php</b> on line <b>159</b><br />
<br />
<b>Warning</b>:  file_put_contents(C:\xampp\htdocs\1\cache\mask_3\mask_37_3.dat): Failed to open stream: No such file or directory in <b>C:\xampp\htdocs\1\qrmask.php</b> on line <b>160</b><br />
<br />
<b>Warning</b>:  mkdir(): No such file or directory in <b>C:\xampp\htdocs\1\qrmask.php</b> on line <b>159</b><br />
<br />
<b>Warning</b>:  file_put_contents(C:\xampp\htdocs\1\cache\mask_4\mask_37_4.dat): Failed to open stream: No such file or directory in <b>C:\xampp\htdocs\1\qrmask.php</b> on line <b>160</b><br />
<br />
<b>Warning</b>:  mkdir(): No such file or directory in <b>C:\xampp\htdocs\1\qrmask.php</b> on line <b>159</b><br />
<br />
<b>Warning</b>:  file_put_contents(C:\xampp\htdocs\1\cache\mask_5\mask_37_5.dat): Failed to open stream: No such file or directory in <b>C:\xampp\htdocs\1\qrmask.php</b> on line <b>160</b><br />
<br />
<b>Warning</b>:  mkdir(): No such file or directory in <b>C:\xampp\htdocs\1\qrmask.php</b> on line <b>159</b><br />
<br />
<b>Warning</b>:  file_put_contents(C:\xampp\htdocs\1\cache\mask_6\mask_37_6.dat): Failed to open stream: No such file or directory in <b>C:\xampp\htdocs\1\qrmask.php</b> on line <b>160</b><br />
<br />
<b>Warning</b>:  mkdir(): No such file or directory in <b>C:\xampp\htdocs\1\qrmask.php</b> on line <b>159</b><br />
<br />
<b>Warning</b>:  file_put_contents(C:\xampp\htdocs\1\cache\mask_7\mask_37_7.dat): Failed to open stream: No such file or directory in <b>C:\xampp\htdocs\1\qrmask.php</b> on line <b>160</b><br />
2024-02-05 06:24:25: <br />
<b>Warning</b>:  file_put_contents(C:\xampp\htdocs\1\cache\frame_5.dat): Failed to open stream: No such file or directory in <b>C:\xampp\htdocs\1\qrspec.php</b> on line <b>645</b><br />
<br />
<b>Warning</b>:  mkdir(): No such file or directory in <b>C:\xampp\htdocs\1\qrmask.php</b> on line <b>159</b><br />
<br />
<b>Warning</b>:  file_put_contents(C:\xampp\htdocs\1\cache\mask_0\mask_37_0.dat): Failed to open stream: No such file or directory in <b>C:\xampp\htdocs\1\qrmask.php</b> on line <b>160</b><br />
<br />
<b>Warning</b>:  mkdir(): No such file or directory in <b>C:\xampp\htdocs\1\qrmask.php</b> on line <b>159</b><br />
<br />
<b>Warning</b>:  file_put_contents(C:\xampp\htdocs\1\cache\mask_1\mask_37_1.dat): Failed to open stream: No such file or directory in <b>C:\xampp\htdocs\1\qrmask.php</b> on line <b>160</b><br />
<br />
<b>Warning</b>:  mkdir(): No such file or directory in <b>C:\xampp\htdocs\1\qrmask.php</b> on line <b>159</b><br />
<br />
<b>Warning</b>:  file_put_contents(C:\xampp\htdocs\1\cache\mask_2\mask_37_2.dat): Failed to open stream: No such file or directory in <b>C:\xampp\htdocs\1\qrmask.php</b> on line <b>160</b><br />
<br />
<b>Warning</b>:  mkdir(): No such file or directory in <b>C:\xampp\htdocs\1\qrmask.php</b> on line <b>159</b><br />
<br />
<b>Warning</b>:  file_put_contents(C:\xampp\htdocs\1\cache\mask_3\mask_37_3.dat): Failed to open stream: No such file or directory in <b>C:\xampp\htdocs\1\qrmask.php</b> on line <b>160</b><br />
<br />
<b>Warning</b>:  mkdir(): No such file or directory in <b>C:\xampp\htdocs\1\qrmask.php</b> on line <b>159</b><br />
<br />
<b>Warning</b>:  file_put_contents(C:\xampp\htdocs\1\cache\mask_4\mask_37_4.dat): Failed to open stream: No such file or directory in <b>C:\xampp\htdocs\1\qrmask.php</b> on line <b>160</b><br />
<br />
<b>Warning</b>:  mkdir(): No such file or directory in <b>C:\xampp\htdocs\1\qrmask.php</b> on line <b>159</b><br />
<br />
<b>Warning</b>:  file_put_contents(C:\xampp\htdocs\1\cache\mask_5\mask_37_5.dat): Failed to open stream: No such file or directory in <b>C:\xampp\htdocs\1\qrmask.php</b> on line <b>160</b><br />
<br />
<b>Warning</b>:  mkdir(): No such file or directory in <b>C:\xampp\htdocs\1\qrmask.php</b> on line <b>159</b><br />
<br />
<b>Warning</b>:  file_put_contents(C:\xampp\htdocs\1\cache\mask_6\mask_37_6.dat): Failed to open stream: No such file or directory in <b>C:\xampp\htdocs\1\qrmask.php</b> on line <b>160</b><br />
<br />
<b>Warning</b>:  mkdir(): No such file or directory in <b>C:\xampp\htdocs\1\qrmask.php</b> on line <b>159</b><br />
<br />
<b>Warning</b>:  file_put_contents(C:\xampp\htdocs\1\cache\mask_7\mask_37_7.dat): Failed to open stream: No such file or directory in <b>C:\xampp\htdocs\1\qrmask.php</b> on line <b>160</b><br />
2024-02-05 06:25:01: <br />
<b>Warning</b>:  file_put_contents(C:\xampp\htdocs\1\cache\frame_5.dat): Failed to open stream: No such file or directory in <b>C:\xampp\htdocs\1\qrspec.php</b> on line <b>645</b><br />
<br />
<b>Warning</b>:  mkdir(): No such file or directory in <b>C:\xampp\htdocs\1\qrmask.php</b> on line <b>159</b><br />
<br />
<b>Warning</b>:  file_put_contents(C:\xampp\htdocs\1\cache\mask_0\mask_37_0.dat): Failed to open stream: No such file or directory in <b>C:\xampp\htdocs\1\qrmask.php</b> on line <b>160</b><br />
<br />
<b>Warning</b>:  mkdir(): No such file or directory in <b>C:\xampp\htdocs\1\qrmask.php</b> on line <b>159</b><br />
<br />
<b>Warning</b>:  file_put_contents(C:\xampp\htdocs\1\cache\mask_1\mask_37_1.dat): Failed to open stream: No such file or directory in <b>C:\xampp\htdocs\1\qrmask.php</b> on line <b>160</b><br />
<br />
<b>Warning</b>:  mkdir(): No such file or directory in <b>C:\xampp\htdocs\1\qrmask.php</b> on line <b>159</b><br />
<br />
<b>Warning</b>:  file_put_contents(C:\xampp\htdocs\1\cache\mask_2\mask_37_2.dat): Failed to open stream: No such file or directory in <b>C:\xampp\htdocs\1\qrmask.php</b> on line <b>160</b><br />
<br />
<b>Warning</b>:  mkdir(): No such file or directory in <b>C:\xampp\htdocs\1\qrmask.php</b> on line <b>159</b><br />
<br />
<b>Warning</b>:  file_put_contents(C:\xampp\htdocs\1\cache\mask_3\mask_37_3.dat): Failed to open stream: No such file or directory in <b>C:\xampp\htdocs\1\qrmask.php</b> on line <b>160</b><br />
<br />
<b>Warning</b>:  mkdir(): No such file or directory in <b>C:\xampp\htdocs\1\qrmask.php</b> on line <b>159</b><br />
<br />
<b>Warning</b>:  file_put_contents(C:\xampp\htdocs\1\cache\mask_4\mask_37_4.dat): Failed to open stream: No such file or directory in <b>C:\xampp\htdocs\1\qrmask.php</b> on line <b>160</b><br />
<br />
<b>Warning</b>:  mkdir(): No such file or directory in <b>C:\xampp\htdocs\1\qrmask.php</b> on line <b>159</b><br />
<br />
<b>Warning</b>:  file_put_contents(C:\xampp\htdocs\1\cache\mask_5\mask_37_5.dat): Failed to open stream: No such file or directory in <b>C:\xampp\htdocs\1\qrmask.php</b> on line <b>160</b><br />
<br />
<b>Warning</b>:  mkdir(): No such file or directory in <b>C:\xampp\htdocs\1\qrmask.php</b> on line <b>159</b><br />
<br />
<b>Warning</b>:  file_put_contents(C:\xampp\htdocs\1\cache\mask_6\mask_37_6.dat): Failed to open stream: No such file or directory in <b>C:\xampp\htdocs\1\qrmask.php</b> on line <b>160</b><br />
<br />
<b>Warning</b>:  mkdir(): No such file or directory in <b>C:\xampp\htdocs\1\qrmask.php</b> on line <b>159</b><br />
<br />
<b>Warning</b>:  file_put_contents(C:\xampp\htdocs\1\cache\mask_7\mask_37_7.dat): Failed to open stream: No such file or directory in <b>C:\xampp\htdocs\1\qrmask.php</b> on line <b>160</b><br />
2024-02-05 06:35:18: <br />
<b>Warning</b>:  file_put_contents(C:\xampp\htdocs\1\cache\frame_4.dat): Failed to open stream: No such file or directory in <b>C:\xampp\htdocs\1\qrspec.php</b> on line <b>645</b><br />
<br />
<b>Warning</b>:  mkdir(): No such file or directory in <b>C:\xampp\htdocs\1\qrmask.php</b> on line <b>159</b><br />
<br />
<b>Warning</b>:  file_put_contents(C:\xampp\htdocs\1\cache\mask_0\mask_33_0.dat): Failed to open stream: No such file or directory in <b>C:\xampp\htdocs\1\qrmask.php</b> on line <b>160</b><br />
<br />
<b>Warning</b>:  mkdir(): No such file or directory in <b>C:\xampp\htdocs\1\qrmask.php</b> on line <b>159</b><br />
<br />
<b>Warning</b>:  file_put_contents(C:\xampp\htdocs\1\cache\mask_1\mask_33_1.dat): Failed to open stream: No such file or directory in <b>C:\xampp\htdocs\1\qrmask.php</b> on line <b>160</b><br />
<br />
<b>Warning</b>:  mkdir(): No such file or directory in <b>C:\xampp\htdocs\1\qrmask.php</b> on line <b>159</b><br />
<br />
<b>Warning</b>:  file_put_contents(C:\xampp\htdocs\1\cache\mask_2\mask_33_2.dat): Failed to open stream: No such file or directory in <b>C:\xampp\htdocs\1\qrmask.php</b> on line <b>160</b><br />
<br />
<b>Warning</b>:  mkdir(): No such file or directory in <b>C:\xampp\htdocs\1\qrmask.php</b> on line <b>159</b><br />
<br />
<b>Warning</b>:  file_put_contents(C:\xampp\htdocs\1\cache\mask_3\mask_33_3.dat): Failed to open stream: No such file or directory in <b>C:\xampp\htdocs\1\qrmask.php</b> on line <b>160</b><br />
<br />
<b>Warning</b>:  mkdir(): No such file or directory in <b>C:\xampp\htdocs\1\qrmask.php</b> on line <b>159</b><br />
<br />
<b>Warning</b>:  file_put_contents(C:\xampp\htdocs\1\cache\mask_4\mask_33_4.dat): Failed to open stream: No such file or directory in <b>C:\xampp\htdocs\1\qrmask.php</b> on line <b>160</b><br />
<br />
<b>Warning</b>:  mkdir(): No such file or directory in <b>C:\xampp\htdocs\1\qrmask.php</b> on line <b>159</b><br />
<br />
<b>Warning</b>:  file_put_contents(C:\xampp\htdocs\1\cache\mask_5\mask_33_5.dat): Failed to open stream: No such file or directory in <b>C:\xampp\htdocs\1\qrmask.php</b> on line <b>160</b><br />
<br />
<b>Warning</b>:  mkdir(): No such file or directory in <b>C:\xampp\htdocs\1\qrmask.php</b> on line <b>159</b><br />
<br />
<b>Warning</b>:  file_put_contents(C:\xampp\htdocs\1\cache\mask_6\mask_33_6.dat): Failed to open stream: No such file or directory in <b>C:\xampp\htdocs\1\qrmask.php</b> on line <b>160</b><br />
<br />
<b>Warning</b>:  mkdir(): No such file or directory in <b>C:\xampp\htdocs\1\qrmask.php</b> on line <b>159</b><br />
<br />
<b>Warning</b>:  file_put_contents(C:\xampp\htdocs\1\cache\mask_7\mask_33_7.dat): Failed to open stream: No such file or directory in <b>C:\xampp\htdocs\1\qrmask.php</b> on line <b>160</b><br />
